

HI-TECH Software PICC Macro Assembler V9.60PL5 build 3884 
                                                      Mon Jan 26 21:37:31 2009

HI-TECH Software Omniscient Code Generator build 3884
     1  0000                     opt subtitle "HI-TECH Software Omniscient Code 
                                 Generator build 3884"
     2                           
     3                           	processor	16F628A
     4                           clrc	macro
     5                           	bcf	status,0
     6  0000                     	endm
     7                           clrz	macro
     8                           	bcf	status,2
     9  0000                     	endm
    10                           setc	macro
    11                           	bsf	status,0
    12  0000                     	endm
    13                           setz	macro
    14                           	bsf	status,2
    15  0000                     	endm
    16                           skipc	macro
    17                           	btfss	status,0
    18  0000                     	endm
    19                           skipz	macro
    20                           	btfss	status,2
    21  0000                     	endm
    22                           skipnc	macro
    23                           	btfsc	status,0
    24  0000                     	endm
    25                           skipnz	macro
    26                           	btfsc	status,2
    27  0000                     	endm
    28  0000                     indf	equ	0
    29  0000                     indf0	equ	0
    30  0000                     pc	equ	2
    31  0000                     pcl	equ	2
    32  0000                     status	equ	3
    33  0000                     fsr	equ	4
    34  0000                     fsr0	equ	4
    35  0000                     c	equ	1
    36  0000                     z	equ	0
    37  0000                     pclath	equ	10
    38                           # 13 "../init.c"
    39                           	psect config,class=CONFIG,delta=2 ;#
    40                           # 13 "../init.c"
    41  2007  3F29               	dw 0x3FED & 0x3FFB & 0x3FFF & 0x3FBF & 0x3FFF 
                                 & 0x3F7F & 0x3FFF & 0x3FFF ;#
    42                           global __tempreg
    43  0000                     __tempreg	set	112
    44                           global __Lcommon, __Hcommon
    45  0000                     __Lcommon set 0x7B
    46  0000                     __Hcommon set 0x7E
    47                           global __Lrdata_0, __Hrdata_0
    48  0000                     __Lrdata_0	equ	0x0
    49  0000                     __Hrdata_0	equ	0x1
    50                           global __Lramdata, __Lrdata_0, __Hramdata, __Hr
                                 data_0
    51  0000                     __Lramdata	set	__Lrdata_0
    52  0000                     __Hramdata	set	__Hrdata_0
    53                           	GLOBAL	__databank
    54  0000                     __databank	EQU	0
    55  0000                     _main_byte	equ	??_main+0
    56                           	global	_main_byte
    57  0000                     _putch_byte	equ	??_putch+0
    58                           	global	_putch_byte
    59                           ;Data sizes: Strings 0, constant 0, data 0, bss
                                  0, persistent 0 stack 7
    60                           	global	_main
    61                           	global	??_main
    62                           	global	?_main
    63                           
    64                           ; *************** function _main **************
                                 *
    65                           ; Defined at:
    66                           ;		line 17 in file "../main.c"
    67                           ; Parameters:
    68                           ;		None
    69                           ; Auto variables:
    70                           ;		byte        	       	type: unsigned char 
    71                           ;		i           	       	type: int 
    72                           ; Return value:
    73                           ;		type: void 
    74                           ;		size: 0
    75                           ; Registers used:
    76                           ;		wreg, status,2, status,0, pclath, cstack
    77                           ; Tracked objects:
    78                           ;		On entry : BFF/0
    79                           ;		On exit  : 0/0
    80                           ;		Unchanged: 0/0
    81                           ; Data sizes:
    82                           ;		Autos:    1
    83                           ;		Params:   0
    84                           ;		Temp:     0
    85                           ;		Total:    1
    86                           ; This function calls:
    87                           ;		_init
    88                           ;		_putch
    89                           ; This function is called by:
    90                           ;		Startup code after reset
    91                           ; This function uses a non-reentrant model
    92                           ; 
    93                           	psect	maintext,class=CODE,delta=2
    94                           	file	"../main.c"
    95                           	line	17
    96                           	psect	maintext
    97                           ;main.c: 15: void
    98                           ;main.c: 16: main(void)
    99                           ;main.c: 17: {
   100                           	
   101  001D                     _main:	
   102                           ; Regs used in _main: [wreg+status,2+status,0+p
                                 clath+cstack]
   103                           	line	18
   104                           ;main.c: 18: unsigned char byte = 0;
   105  001D  1003               	clrc
   106                           	
   107  001E  3000               	movlw	0
   108  001F  1803               	btfsc	status,0
   109  0020  3001               	movlw	1
   110  0021  00F0               	movwf	(_main_byte)
   111                           	line	19
   112                           ;main.c: 19: init();
   113  0022  2069               	fcall	_init
   114                           	line	20
   115                           ;main.c: 20: while (1){
   116                           	
   117  0023                     l7:	
   118                           	line	23
   119                           ;main.c: 21: int i;
   120                           ;main.c: 23: init();
   121  0023  2069               	fcall	_init
   122                           	line	25
   123                           ;main.c: 25: while (1){
   124                           	
   125  0024                     l10:	
   126                           	line	27
   127                           ;main.c: 27: if (kbhit) {
   128  0024  1283               	bcf	status, 5	;RP0=0, select bank0
   129  0025  1303               	bcf	status, 6	;RP2=0, select bank0
   130  0026  1C7D               	btfss	(1000/8),(1000)&7
   131  0027  2829               	goto	u851
   132  0028  282A               	goto	u850
   133  0029                     u851:
   134  0029  283B               	goto	l9
   135  002A                     u850:
   136                           	line	28
   137                           ;main.c: 28: RB3 = 1;
   138  002A  1586               	bsf	(51/8),(51)&7
   139                           	line	29
   140                           ;main.c: 29: putch(data);
   141                           	
   142  002B  087C               	movf	(124),w	;volatile
   143                           	
   144  002C  208D               	fcall	_putch
   145                           	line	30
   146                           ;main.c: 30: bitcount = 0;
   147  002D  1003               	clrc
   148  002E  1283               	bcf	status, 5	;RP0=0, select bank0
   149  002F  1303               	bcf	status, 6	;RP2=0, select bank0
   150                           	
   151  0030  3000               	movlw	0
   152  0031  1803               	btfsc	status,0
   153  0032  3001               	movlw	1
   154  0033  00FB               	movwf	(123)	;volatile
   155                           	line	31
   156                           ;main.c: 31: data = 0;
   157  0034  1003               	clrc
   158                           	
   159  0035  3000               	movlw	0
   160  0036  1803               	btfsc	status,0
   161  0037  3001               	movlw	1
   162  0038  00FC               	movwf	(124)	;volatile
   163                           	line	32
   164                           ;main.c: 32: kbhit = 0;
   165  0039  107D               	bcf	(1000/8),(1000)&7
   166                           	line	33
   167                           ;main.c: 33: RB3 = 0;
   168  003A  1186               	bcf	(51/8),(51)&7
   169                           	line	34
   170                           	
   171  003B                     l12:	
   172                           	line	35
   173                           	
   174  003B                     l9:	
   175                           	line	25
   176  003B  2824               	goto	l10
   177                           	global	start
   178  003C  280E               	ljmp	start
   179                           ; =============== function _main ends =========
                                 ======
   180                           
   181                           GLOBAL __end_of_main
   182  003D                     	__end_of_main:
   183                           	FNSIZE	_main,1,0
   184                           	psect	maintext
   185                           	line	37
   186                           	signat	_main,88
   187                           	global	_putch
   188                           	global	??_putch
   189                           	global	?_putch
   190                           
   191                           ; *************** function _putch *************
                                 **
   192                           ; Defined at:
   193                           ;		line 8 in file "../main.c"
   194                           ; Parameters:
   195                           ;		byte        	reg:   wr	type: unsigned char 
   196                           ; Auto variables:
   197                           ;		byte        	       	type: unsigned char 
   198                           ; Return value:
   199                           ;		type: void 
   200                           ;		size: 0
   201                           ; Registers used:
   202                           ;		wreg
   203                           ; Tracked objects:
   204                           ;		On entry : 300/0
   205                           ;		On exit  : 0/0
   206                           ;		Unchanged: 0/0
   207                           ; Data sizes:
   208                           ;		Autos:    1
   209                           ;		Params:   0
   210                           ;		Temp:     0
   211                           ;		Total:    1
   212                           ; This function calls:
   213                           ;		Nothing
   214                           ; This function is called by:
   215                           ;		_main
   216                           ; This function uses a non-reentrant model
   217                           ; 
   218                           	psect	text37,local,class=CODE,delta=2
   219                           	file	"../main.c"
   220                           	line	8
   221                           ;init.h: 2: extern void init(void);
   222                           ;pic16f62xa.h: 18: volatile unsigned char INDF 
                                 @ 0x00;
   223                           ;pic16f62xa.h: 19: volatile unsigned char TMR0 
                                 @ 0x01;
   224                           ;pic16f62xa.h: 20: volatile unsigned char PCL @
                                  0x02;
   225                           ;pic16f62xa.h: 21: volatile unsigned char STATU
                                 S @ 0x03;
   226                           ;pic16f62xa.h: 22: unsigned char FSR @ 0x04;
   227                           ;pic16f62xa.h: 23: volatile unsigned char PORTA
                                  @ 0x05;
   228                           ;pic16f62xa.h: 24: volatile unsigned char PORTB
                                  @ 0x06;
   229                           ;pic16f62xa.h: 25: volatile unsigned char PCLAT
                                 H @ 0x0A;
   230                           ;pic16f62xa.h: 26: volatile unsigned char INTCO
                                 N @ 0x0B;
   231                           	
   232  008D                     _putch:	
   233                           ; Regs used in _putch: [wreg]
   234                           ;_putch_byte stored from wreg
   235                           	
   236  008D  00F1               	movwf	(_putch_byte)
   237                           	line	9
   238                           ;main.c: 9: while (!TXIF) {
   239  008E  2890               	goto	l2
   240                           	
   241  008F                     l3:	
   242                           	line	10
   243                           ;main.c: 10: continue;
   244  008F  2890               	goto	l2
   245                           	line	11
   246                           	
   247  0090                     l2:	
   248                           	line	9
   249  0090  1E0C               	btfss	(100/8),(100)&7
   250  0091  2893               	goto	u841
   251  0092  2894               	goto	u840
   252  0093                     u841:
   253  0093  288F               	goto	l3
   254  0094                     u840:
   255                           	
   256  0094                     l4:	
   257                           	line	12
   258                           ;main.c: 11: }
   259                           ;main.c: 12: TXREG = byte;
   260                           	
   261  0094  0871               	movf	(_putch_byte),w
   262                           	
   263                           	
   264  0095  0099               	movwf	(25)	;volatile
   265                           	line	13
   266                           ;main.c: 13: }
   267  0096                     l1:	
   268  0096  0008               	return
   269                           ; =============== function _putch ends ========
                                 =======
   270                           
   271                           GLOBAL __end_of_putch
   272  0097                     	__end_of_putch:
   273                           	FNSIZE	_putch,1,0
   274                           	signat	_putch,4216
   275                           	global	_init
   276                           	global	??_init
   277                           	global	?_init
   278                           
   279                           ; *************** function _init **************
                                 *
   280                           ; Defined at:
   281                           ;		line 16 in file "../init.c"
   282                           ; Parameters:
   283                           ;		None
   284                           ; Auto variables:
   285                           ;		None
   286                           ; Return value:
   287                           ;		type: void 
   288                           ;		size: 0
   289                           ; Registers used:
   290                           ;		wreg, status,2, status,0
   291                           ; Tracked objects:
   292                           ;		On entry : 0/0
   293                           ;		On exit  : 0/0
   294                           ;		Unchanged: 0/0
   295                           ; Data sizes:
   296                           ;		Autos:    0
   297                           ;		Params:   0
   298                           ;		Temp:     0
   299                           ;		Total:    0
   300                           ; This function calls:
   301                           ;		Nothing
   302                           ; This function is called by:
   303                           ;		_main
   304                           ; This function uses a non-reentrant model
   305                           ; 
   306                           	psect	text38,local,class=CODE,delta=2
   307                           	file	"../init.c"
   308                           	line	16
   309                           ;init.c: 13: asm("\tpsect config,class=CONFIG,d
                                 elta=2"); asm("\tdw ""0x3FED & 0x3FFB & 0x3FFF 
                                 & 0x3FBF & 0x3FFF & 0x3F7F & 0x3FFF & 0x3FFF");
   310                           ;init.c: 16: void init(void){
   311                           	
   312  0069                     _init:	
   313                           ; Regs used in _init: [wreg+status,2+status,0]
   314                           	line	22
   315                           ;init.c: 22: INTCON = 0b00000000;
   316  0069  1003               	clrc
   317  006A  1283               	bcf	status, 5	;RP0=0, select bank0
   318  006B  1303               	bcf	status, 6	;RP2=0, select bank0
   319                           	
   320  006C  3000               	movlw	0
   321  006D  1803               	btfsc	status,0
   322  006E  3001               	movlw	1
   323  006F  008B               	movwf	(11)	;volatile
   324                           	line	26
   325                           ;init.c: 26: OPTION = 0b10000000;
   326  0070  3080               	movlw	(080h)
   327  0071  1683               	bsf	status, 5	;RP0=1, select bank1
   328  0072  1303               	bcf	status, 6	;RP2=0, select bank1
   329                           	
   330  0073  0081               	movwf	(129)^080h
   331                           	line	31
   332                           ;init.c: 31: PIE1 = 0b00000000;
   333  0074  1003               	clrc
   334                           	
   335  0075  3000               	movlw	0
   336  0076  1803               	btfsc	status,0
   337  0077  3001               	movlw	1
   338  0078  008C               	movwf	(140)^080h
   339                           	line	36
   340                           ;init.c: 36: TRISA = 0b10010000;
   341  0079  3090               	movlw	(090h)
   342                           	
   343  007A  0085               	movwf	(133)^080h	;volatile
   344                           	line	41
   345                           ;init.c: 41: TRISB = 0b00000111;
   346  007B  3007               	movlw	(07h)
   347                           	
   348  007C  0086               	movwf	(134)^080h	;volatile
   349                           	line	49
   350                           ;init.c: 49: TXSTA = 0b00100100;
   351  007D  3024               	movlw	(024h)
   352                           	
   353  007E  0098               	movwf	(152)^080h	;volatile
   354                           	line	55
   355                           ;init.c: 55: RCSTA = 0b10000000;
   356  007F  3080               	movlw	(080h)
   357  0080  1283               	bcf	status, 5	;RP0=0, select bank0
   358  0081  1303               	bcf	status, 6	;RP2=0, select bank0
   359                           	
   360  0082  0098               	movwf	(24)	;volatile
   361                           	line	59
   362                           ;init.c: 59: SPBRG = 0b00011001;
   363  0083  3019               	movlw	(019h)
   364  0084  1683               	bsf	status, 5	;RP0=1, select bank1
   365  0085  1303               	bcf	status, 6	;RP2=0, select bank1
   366                           	
   367  0086  0099               	movwf	(153)^080h
   368                           	line	64
   369                           ;init.c: 64: INTEDG = 0;
   370  0087  1301               	bcf	(1038/8)^080h,(1038)&7
   371                           	line	65
   372                           ;init.c: 65: INTE = 1;
   373  0088  1283               	bcf	status, 5	;RP0=0, select bank0
   374  0089  1303               	bcf	status, 6	;RP2=0, select bank0
   375  008A  160B               	bsf	(92/8),(92)&7
   376                           	line	67
   377                           ;init.c: 67: (GIE = 1);
   378  008B  178B               	bsf	(95/8),(95)&7
   379                           	line	69
   380                           ;init.c: 69: }
   381  008C                     l18:	
   382  008C  0008               	return
   383                           ; =============== function _init ends =========
                                 ======
   384                           
   385                           GLOBAL __end_of_init
   386  008D                     	__end_of_init:
   387                           	FNSIZE	_init,0,0
   388                           	signat	_init,88
   389                           	global	_my_isr
   390                           	global	??_my_isr
   391                           	global	?_my_isr
   392                           
   393                           ; *************** function _my_isr ************
                                 ***
   394                           ; Defined at:
   395                           ;		line 14 in file "../isr.c"
   396                           ; Parameters:
   397                           ;		None
   398                           ; Auto variables:
   399                           ;		None
   400                           ; Return value:
   401                           ;		type: void 
   402                           ;		size: 0
   403                           ; Registers used:
   404                           ;		wreg, status,2, status,0
   405                           ; Tracked objects:
   406                           ;		On entry : 0/0
   407                           ;		On exit  : 0/0
   408                           ;		Unchanged: 0/0
   409                           ; Data sizes:
   410                           ;		Autos:    0
   411                           ;		Params:   0
   412                           ;		Temp:     5
   413                           ;		Total:    5
   414                           ; This function calls:
   415                           ;		Nothing
   416                           ; This function is called by:
   417                           ;		Interrupt level 1
   418                           ; This function uses a non-reentrant model
   419                           ; 
   420                           	psect	intrtext,class=CODE,delta=2
   421                           	file	"../isr.c"
   422                           	line	14
   423                           ;pic16f62xa.h: 18: volatile unsigned char INDF 
                                 @ 0x00;
   424                           ;pic16f62xa.h: 19: volatile unsigned char TMR0 
                                 @ 0x01;
   425                           ;pic16f62xa.h: 20: volatile unsigned char PCL @
                                  0x02;
   426                           ;pic16f62xa.h: 21: volatile unsigned char STATU
                                 S @ 0x03;
   427                           ;pic16f62xa.h: 22: unsigned char FSR @ 0x04;
   428                           ;pic16f62xa.h: 23: volatile unsigned char PORTA
                                  @ 0x05;
   429                           ;pic16f62xa.h: 24: volatile unsigned char PORTB
                                  @ 0x06;
   430                           ;pic16f62xa.h: 25: volatile unsigned char PCLAT
                                 H @ 0x0A;
   431                           ;pic16f62xa.h: 26: volatile unsigned char INTCO
                                 N @ 0x0B;
   432                           ;pic16f62xa.h: 27: volatile unsigned char PIR1 
                                 @ 0x0C;
   433                           	
   434  003D                     _my_isr:	
   435                           ; Regs used in _my_isr: [wreg+status,2+status,0
                                 ]
   436                           	psect	intentry,class=CODE,delta=2
   437                           global interrupt_function
   438  0004                     interrupt_function:
   439                           	global saved_w
   440  0000                     	saved_w	set	btemp+1
   441  0004  00FF               	movwf	saved_w
   442  0005  0803               	movf	status,w
   443  0006  00F3               	movwf	(??_my_isr+1)
   444  0007  0804               	movf	fsr,w
   445  0008  00F4               	movwf	(??_my_isr+2)
   446  0009  080A               	movf	pclath,w
   447  000A  00F5               	movwf	(??_my_isr+3)
   448  000B  087E               	movf	btemp+0,w
   449  000C  00F6               	movwf	(??_my_isr+4)
   450  000D  283D               	ljmp	_my_isr
   451                           	psect	intrtext
   452                           	line	16
   453                           ;isr.c: 16: if (INTF) {
   454  003D  1283               	bcf	status, 5	;RP0=0, select bank0
   455  003E  1303               	bcf	status, 6	;RP2=0, select bank0
   456  003F  1C8B               	btfss	(89/8),(89)&7
   457  0040  2842               	goto	i1u801
   458  0041  2843               	goto	i1u800
   459  0042                     i1u801:
   460  0042  285E               	goto	i1l14
   461  0043                     i1u800:
   462                           	line	20
   463                           ;isr.c: 20: if (bitcount > 0 && bitcount < 9) {
   464                           	
   465  0043  08FB               	movf	(123),f	;volatile
   466  0044  1D03               	skipz
   467  0045  2847               	goto	i1u810
   468  0046  2852               	goto	i1l15
   469  0047                     i1u810:
   470  0047  3009               	movlw	(09h)
   471                           	
   472  0048  027B               	subwf	(123),w	;volatile
   473  0049  1803               	skipnc
   474  004A  284C               	goto	i1u821
   475  004B  284D               	goto	i1u820
   476  004C                     i1u821:
   477  004C  2852               	goto	i1l15
   478  004D                     i1u820:
   479                           	line	21
   480                           ;isr.c: 21: data = ((data >> 1)|(RA4 << 7));
   481  004D  1003               	clrc
   482  004E  1A05               	btfsc	(44/8),(44)&7
   483  004F  1403               	setc
   484                           	
   485                           	
   486  0050  0CFC               	rrf	(124),f	;volatile
   487                           	line	22
   488                           ;isr.c: 22: } else if (bitcount == 10) {
   489  0051  2859               	goto	i1l16
   490                           	
   491  0052                     i1l15:	
   492                           	
   493  0052  087B               	movf	(123),w	;volatile
   494                           	
   495  0053  3A0A               	xorlw	0Ah
   496  0054  1D03               	skipz
   497  0055  2857               	goto	i1u831
   498  0056  2858               	goto	i1u830
   499  0057                     i1u831:
   500  0057  2859               	goto	i1l16
   501  0058                     i1u830:
   502                           	line	23
   503                           ;isr.c: 23: kbhit = 1;
   504  0058  147D               	bsf	(1000/8),(1000)&7
   505                           	line	24
   506                           	
   507  0059                     i1l17:	
   508                           	line	25
   509                           	
   510  0059                     i1l16:	
   511                           ;isr.c: 24: }
   512                           ;isr.c: 25: bitcount++;
   513  0059  3001               	movlw	(01h)
   514  005A  00F2               	movwf	(??_my_isr+0+0)
   515                           	
   516  005B  0872               	movf	(??_my_isr+0+0),w
   517  005C  07FB               	addwf	(123),f	;volatile
   518                           	line	26
   519                           ;isr.c: 26: INTF = 0;
   520  005D  108B               	bcf	(89/8),(89)&7
   521                           	line	27
   522                           	
   523  005E                     i1l14:	
   524                           	line	28
   525                           ;isr.c: 27: }
   526                           ;isr.c: 28: }
   527  005E                     i1l13:	
   528  005E  0876               	movf	(??_my_isr+4),w
   529  005F  00FE               	movwf	btemp+0
   530  0060  0875               	movf	(??_my_isr+3),w
   531  0061  008A               	movwf	pclath
   532  0062  0874               	movf	(??_my_isr+2),w
   533  0063  0084               	movwf	fsr
   534  0064  0873               	movf	(??_my_isr+1),w
   535  0065  0083               	movwf	status
   536  0066  0EFF               	swapf	saved_w,f
   537  0067  0E7F               	swapf	saved_w,w
   538  0068  0009               	retfie
   539                           ; =============== function _my_isr ends =======
                                 ========
   540                           
   541                           GLOBAL __end_of_my_isr
   542  0069                     	__end_of_my_isr:
   543                           	FNSIZE	_my_isr,5,0
   544                           	signat	_my_isr,88
   545                           	FNCALL	_main,_init
   546                           	FNCALL	_main,_putch
   547                           	FNROOT	_main
   548                           	FNCALL	intlevel1,_my_isr
   549                           	global	intlevel1
   550                           	FNROOT	intlevel1
   551                           	psect	strings,class=CODE,delta=2,reloc=256
   552                           	global	_bitcount
   553                           	psect	common,class=COMMON,space=1
   554                           
   555                           	DABS	1,123,1	;_bitcount
   556  0000                     	_bitcount	set	0x7B
   557                           
   558                           	global	_data
   559                           
   560                           	DABS	1,124,1	;_data
   561  0000                     	_data	set	0x7C
   562                           
   563                           	global	_kbhit
   564                           	psect	rbit_0,class=BANK0,bit,space=1
   565                           
   566                           	DABS	1,125,1	;_kbhit
   567  0000                     	_kbhit	set	0x3E8	;byte address: 0x7D
   568                           
   569                           	global	_CCP1CON
   570                           	global	_CCP1CON
   571  0000                     	_CCP1CON	set	0x17
   572                           
   573                           	global	_CCPR1H
   574                           	global	_CCPR1H
   575  0000                     	_CCPR1H	set	0x16
   576                           
   577                           	global	_CCPR1L
   578                           	global	_CCPR1L
   579  0000                     	_CCPR1L	set	0x15
   580                           
   581                           	global	_CMCON
   582                           	global	_CMCON
   583  0000                     	_CMCON	set	0x1F
   584                           
   585                           	global	_EEADR
   586                           	global	_EEADR
   587  0000                     	_EEADR	set	0x9B
   588                           
   589                           	global	_EECON1
   590                           	global	_EECON1
   591  0000                     	_EECON1	set	0x9C
   592                           
   593                           	global	_EECON2
   594                           	global	_EECON2
   595  0000                     	_EECON2	set	0x9D
   596                           
   597                           	global	_EEDATA
   598                           	global	_EEDATA
   599  0000                     	_EEDATA	set	0x9A
   600                           
   601                           	global	_FSR
   602                           	global	_FSR
   603  0000                     	_FSR	set	0x4
   604                           
   605                           	global	_INDF
   606                           	global	_INDF
   607  0000                     	_INDF	set	0x0
   608                           
   609                           	global	_INTCON
   610  0000                     	_INTCON	set	0xB
   611                           
   612                           	global	_OPTION
   613  0000                     	_OPTION	set	0x81
   614                           
   615                           	global	_PCL
   616                           	global	_PCL
   617  0000                     	_PCL	set	0x2
   618                           
   619                           	global	_PCLATH
   620                           	global	_PCLATH
   621  0000                     	_PCLATH	set	0xA
   622                           
   623                           	global	_PCON
   624                           	global	_PCON
   625  0000                     	_PCON	set	0x8E
   626                           
   627                           	global	_PIE1
   628  0000                     	_PIE1	set	0x8C
   629                           
   630                           	global	_PIR1
   631                           	global	_PIR1
   632  0000                     	_PIR1	set	0xC
   633                           
   634                           	global	_PORTA
   635                           	global	_PORTA
   636  0000                     	_PORTA	set	0x5
   637                           
   638                           	global	_PORTB
   639                           	global	_PORTB
   640  0000                     	_PORTB	set	0x6
   641                           
   642                           	global	_PR2
   643                           	global	_PR2
   644  0000                     	_PR2	set	0x92
   645                           
   646                           	global	_RCREG
   647                           	global	_RCREG
   648  0000                     	_RCREG	set	0x1A
   649                           
   650                           	global	_RCSTA
   651  0000                     	_RCSTA	set	0x18
   652                           
   653                           	global	_SPBRG
   654  0000                     	_SPBRG	set	0x99
   655                           
   656                           	global	_STATUS
   657                           	global	_STATUS
   658  0000                     	_STATUS	set	0x3
   659                           
   660                           	global	_T1CON
   661                           	global	_T1CON
   662  0000                     	_T1CON	set	0x10
   663                           
   664                           	global	_T2CON
   665                           	global	_T2CON
   666  0000                     	_T2CON	set	0x12
   667                           
   668                           	global	_TMR0
   669                           	global	_TMR0
   670  0000                     	_TMR0	set	0x1
   671                           
   672                           	global	_TMR1H
   673                           	global	_TMR1H
   674  0000                     	_TMR1H	set	0xF
   675                           
   676                           	global	_TMR1L
   677                           	global	_TMR1L
   678  0000                     	_TMR1L	set	0xE
   679                           
   680                           	global	_TMR2
   681                           	global	_TMR2
   682  0000                     	_TMR2	set	0x11
   683                           
   684                           	global	_TRISA
   685  0000                     	_TRISA	set	0x85
   686                           
   687                           	global	_TRISB
   688  0000                     	_TRISB	set	0x86
   689                           
   690                           	global	_TXREG
   691  0000                     	_TXREG	set	0x19
   692                           
   693                           	global	_TXSTA
   694  0000                     	_TXSTA	set	0x98
   695                           
   696                           	global	_VRCON
   697                           	global	_VRCON
   698  0000                     	_VRCON	set	0x9F
   699                           
   700                           	global	_ADEN
   701                           	global	_ADEN
   702  0000                     	_ADEN	set	0xC3	;byte address: 0x18
   703                           
   704                           	global	_BOR
   705                           	global	_BOR
   706  0000                     	_BOR	set	0x470	;byte address: 0x8E
   707                           
   708                           	global	_BRGH
   709                           	global	_BRGH
   710  0000                     	_BRGH	set	0x4C2	;byte address: 0x98
   711                           
   712                           	global	_C1INV
   713                           	global	_C1INV
   714  0000                     	_C1INV	set	0xFC	;byte address: 0x1F
   715                           
   716                           	global	_C1OUT
   717                           	global	_C1OUT
   718  0000                     	_C1OUT	set	0xFE	;byte address: 0x1F
   719                           
   720                           	global	_C2INV
   721                           	global	_C2INV
   722  0000                     	_C2INV	set	0xFD	;byte address: 0x1F
   723                           
   724                           	global	_C2OUT
   725                           	global	_C2OUT
   726  0000                     	_C2OUT	set	0xFF	;byte address: 0x1F
   727                           
   728                           	global	_CARRY
   729                           	global	_CARRY
   730  0000                     	_CARRY	set	0x18	;byte address: 0x3
   731                           
   732                           	global	_CCP1IE
   733                           	global	_CCP1IE
   734  0000                     	_CCP1IE	set	0x462	;byte address: 0x8C
   735                           
   736                           	global	_CCP1IF
   737                           	global	_CCP1IF
   738  0000                     	_CCP1IF	set	0x62	;byte address: 0xC
   739                           
   740                           	global	_CCP1M0
   741                           	global	_CCP1M0
   742  0000                     	_CCP1M0	set	0xB8	;byte address: 0x17
   743                           
   744                           	global	_CCP1M1
   745                           	global	_CCP1M1
   746  0000                     	_CCP1M1	set	0xB9	;byte address: 0x17
   747                           
   748                           	global	_CCP1M2
   749                           	global	_CCP1M2
   750  0000                     	_CCP1M2	set	0xBA	;byte address: 0x17
   751                           
   752                           	global	_CCP1M3
   753                           	global	_CCP1M3
   754  0000                     	_CCP1M3	set	0xBB	;byte address: 0x17
   755                           
   756                           	global	_CCP1X
   757                           	global	_CCP1X
   758  0000                     	_CCP1X	set	0xBD	;byte address: 0x17
   759                           
   760                           	global	_CCP1Y
   761                           	global	_CCP1Y
   762  0000                     	_CCP1Y	set	0xBC	;byte address: 0x17
   763                           
   764                           	global	_CIS
   765                           	global	_CIS
   766  0000                     	_CIS	set	0xFB	;byte address: 0x1F
   767                           
   768                           	global	_CM0
   769                           	global	_CM0
   770  0000                     	_CM0	set	0xF8	;byte address: 0x1F
   771                           
   772                           	global	_CM1
   773                           	global	_CM1
   774  0000                     	_CM1	set	0xF9	;byte address: 0x1F
   775                           
   776                           	global	_CM2
   777                           	global	_CM2
   778  0000                     	_CM2	set	0xFA	;byte address: 0x1F
   779                           
   780                           	global	_CMIE
   781                           	global	_CMIE
   782  0000                     	_CMIE	set	0x466	;byte address: 0x8C
   783                           
   784                           	global	_CMIF
   785                           	global	_CMIF
   786  0000                     	_CMIF	set	0x66	;byte address: 0xC
   787                           
   788                           	global	_CREN
   789                           	global	_CREN
   790  0000                     	_CREN	set	0xC4	;byte address: 0x18
   791                           
   792                           	global	_CSRC
   793                           	global	_CSRC
   794  0000                     	_CSRC	set	0x4C7	;byte address: 0x98
   795                           
   796                           	global	_DC
   797                           	global	_DC
   798  0000                     	_DC	set	0x19	;byte address: 0x3
   799                           
   800                           	global	_EEIE
   801                           	global	_EEIE
   802  0000                     	_EEIE	set	0x467	;byte address: 0x8C
   803                           
   804                           	global	_EEIF
   805                           	global	_EEIF
   806  0000                     	_EEIF	set	0x67	;byte address: 0xC
   807                           
   808                           	global	_FERR
   809                           	global	_FERR
   810  0000                     	_FERR	set	0xC2	;byte address: 0x18
   811                           
   812                           	global	_GIE
   813  0000                     	_GIE	set	0x5F	;byte address: 0xB
   814                           
   815                           	global	_INTE
   816  0000                     	_INTE	set	0x5C	;byte address: 0xB
   817                           
   818                           	global	_INTEDG
   819  0000                     	_INTEDG	set	0x40E	;byte address: 0x81
   820                           
   821                           	global	_INTF
   822  0000                     	_INTF	set	0x59	;byte address: 0xB
   823                           
   824                           	global	_IRP
   825                           	global	_IRP
   826  0000                     	_IRP	set	0x1F	;byte address: 0x3
   827                           
   828                           	global	_OERR
   829                           	global	_OERR
   830  0000                     	_OERR	set	0xC1	;byte address: 0x18
   831                           
   832                           	global	_OSCF
   833                           	global	_OSCF
   834  0000                     	_OSCF	set	0x473	;byte address: 0x8E
   835                           
   836                           	global	_PD
   837                           	global	_PD
   838  0000                     	_PD	set	0x1B	;byte address: 0x3
   839                           
   840                           	global	_PEIE
   841                           	global	_PEIE
   842  0000                     	_PEIE	set	0x5E	;byte address: 0xB
   843                           
   844                           	global	_POR
   845                           	global	_POR
   846  0000                     	_POR	set	0x471	;byte address: 0x8E
   847                           
   848                           	global	_PS0
   849                           	global	_PS0
   850  0000                     	_PS0	set	0x408	;byte address: 0x81
   851                           
   852                           	global	_PS1
   853                           	global	_PS1
   854  0000                     	_PS1	set	0x409	;byte address: 0x81
   855                           
   856                           	global	_PS2
   857                           	global	_PS2
   858  0000                     	_PS2	set	0x40A	;byte address: 0x81
   859                           
   860                           	global	_PSA
   861                           	global	_PSA
   862  0000                     	_PSA	set	0x40B	;byte address: 0x81
   863                           
   864                           	global	_RA0
   865                           	global	_RA0
   866  0000                     	_RA0	set	0x28	;byte address: 0x5
   867                           
   868                           	global	_RA1
   869                           	global	_RA1
   870  0000                     	_RA1	set	0x29	;byte address: 0x5
   871                           
   872                           	global	_RA2
   873                           	global	_RA2
   874  0000                     	_RA2	set	0x2A	;byte address: 0x5
   875                           
   876                           	global	_RA3
   877                           	global	_RA3
   878  0000                     	_RA3	set	0x2B	;byte address: 0x5
   879                           
   880                           	global	_RA4
   881  0000                     	_RA4	set	0x2C	;byte address: 0x5
   882                           
   883                           	global	_RA5
   884                           	global	_RA5
   885  0000                     	_RA5	set	0x2D	;byte address: 0x5
   886                           
   887                           	global	_RA6
   888                           	global	_RA6
   889  0000                     	_RA6	set	0x2E	;byte address: 0x5
   890                           
   891                           	global	_RA7
   892                           	global	_RA7
   893  0000                     	_RA7	set	0x2F	;byte address: 0x5
   894                           
   895                           	global	_RB0
   896                           	global	_RB0
   897  0000                     	_RB0	set	0x30	;byte address: 0x6
   898                           
   899                           	global	_RB1
   900                           	global	_RB1
   901  0000                     	_RB1	set	0x31	;byte address: 0x6
   902                           
   903                           	global	_RB2
   904                           	global	_RB2
   905  0000                     	_RB2	set	0x32	;byte address: 0x6
   906                           
   907                           	global	_RB3
   908  0000                     	_RB3	set	0x33	;byte address: 0x6
   909                           
   910                           	global	_RB4
   911                           	global	_RB4
   912  0000                     	_RB4	set	0x34	;byte address: 0x6
   913                           
   914                           	global	_RB5
   915                           	global	_RB5
   916  0000                     	_RB5	set	0x35	;byte address: 0x6
   917                           
   918                           	global	_RB6
   919                           	global	_RB6
   920  0000                     	_RB6	set	0x36	;byte address: 0x6
   921                           
   922                           	global	_RB7
   923                           	global	_RB7
   924  0000                     	_RB7	set	0x37	;byte address: 0x6
   925                           
   926                           	global	_RBIE
   927                           	global	_RBIE
   928  0000                     	_RBIE	set	0x5B	;byte address: 0xB
   929                           
   930                           	global	_RBIF
   931                           	global	_RBIF
   932  0000                     	_RBIF	set	0x58	;byte address: 0xB
   933                           
   934                           	global	_RBPU
   935                           	global	_RBPU
   936  0000                     	_RBPU	set	0x40F	;byte address: 0x81
   937                           
   938                           	global	_RCIE
   939                           	global	_RCIE
   940  0000                     	_RCIE	set	0x465	;byte address: 0x8C
   941                           
   942                           	global	_RCIF
   943                           	global	_RCIF
   944  0000                     	_RCIF	set	0x65	;byte address: 0xC
   945                           
   946                           	global	_RD
   947                           	global	_RD
   948  0000                     	_RD	set	0x4E0	;byte address: 0x9C
   949                           
   950                           	global	_RP0
   951                           	global	_RP0
   952  0000                     	_RP0	set	0x1D	;byte address: 0x3
   953                           
   954                           	global	_RP1
   955                           	global	_RP1
   956  0000                     	_RP1	set	0x1E	;byte address: 0x3
   957                           
   958                           	global	_RX9
   959                           	global	_RX9
   960  0000                     	_RX9	set	0xC6	;byte address: 0x18
   961                           
   962                           	global	_RX9D
   963                           	global	_RX9D
   964  0000                     	_RX9D	set	0xC0	;byte address: 0x18
   965                           
   966                           	global	_SPEN
   967                           	global	_SPEN
   968  0000                     	_SPEN	set	0xC7	;byte address: 0x18
   969                           
   970                           	global	_SREN
   971                           	global	_SREN
   972  0000                     	_SREN	set	0xC5	;byte address: 0x18
   973                           
   974                           	global	_SYNC
   975                           	global	_SYNC
   976  0000                     	_SYNC	set	0x4C4	;byte address: 0x98
   977                           
   978                           	global	_T0CS
   979                           	global	_T0CS
   980  0000                     	_T0CS	set	0x40D	;byte address: 0x81
   981                           
   982                           	global	_T0IE
   983                           	global	_T0IE
   984  0000                     	_T0IE	set	0x5D	;byte address: 0xB
   985                           
   986                           	global	_T0IF
   987                           	global	_T0IF
   988  0000                     	_T0IF	set	0x5A	;byte address: 0xB
   989                           
   990                           	global	_T0SE
   991                           	global	_T0SE
   992  0000                     	_T0SE	set	0x40C	;byte address: 0x81
   993                           
   994                           	global	_T1CKPS0
   995                           	global	_T1CKPS0
   996  0000                     	_T1CKPS0	set	0x84	;byte address: 0x10
   997                           
   998                           	global	_T1CKPS1
   999                           	global	_T1CKPS1
  1000  0000                     	_T1CKPS1	set	0x85	;byte address: 0x10
  1001                           
  1002                           	global	_T1OSCEN
  1003                           	global	_T1OSCEN
  1004  0000                     	_T1OSCEN	set	0x83	;byte address: 0x10
  1005                           
  1006                           	global	_T1SYNC
  1007                           	global	_T1SYNC
  1008  0000                     	_T1SYNC	set	0x82	;byte address: 0x10
  1009                           
  1010                           	global	_T2CKPS0
  1011                           	global	_T2CKPS0
  1012  0000                     	_T2CKPS0	set	0x90	;byte address: 0x12
  1013                           
  1014                           	global	_T2CKPS1
  1015                           	global	_T2CKPS1
  1016  0000                     	_T2CKPS1	set	0x91	;byte address: 0x12
  1017                           
  1018                           	global	_TMR1CS
  1019                           	global	_TMR1CS
  1020  0000                     	_TMR1CS	set	0x81	;byte address: 0x10
  1021                           
  1022                           	global	_TMR1IE
  1023                           	global	_TMR1IE
  1024  0000                     	_TMR1IE	set	0x460	;byte address: 0x8C
  1025                           
  1026                           	global	_TMR1IF
  1027                           	global	_TMR1IF
  1028  0000                     	_TMR1IF	set	0x60	;byte address: 0xC
  1029                           
  1030                           	global	_TMR1ON
  1031                           	global	_TMR1ON
  1032  0000                     	_TMR1ON	set	0x80	;byte address: 0x10
  1033                           
  1034                           	global	_TMR2IE
  1035                           	global	_TMR2IE
  1036  0000                     	_TMR2IE	set	0x461	;byte address: 0x8C
  1037                           
  1038                           	global	_TMR2IF
  1039                           	global	_TMR2IF
  1040  0000                     	_TMR2IF	set	0x61	;byte address: 0xC
  1041                           
  1042                           	global	_TMR2ON
  1043                           	global	_TMR2ON
  1044  0000                     	_TMR2ON	set	0x92	;byte address: 0x12
  1045                           
  1046                           	global	_TO
  1047                           	global	_TO
  1048  0000                     	_TO	set	0x1C	;byte address: 0x3
  1049                           
  1050                           	global	_TOUTPS0
  1051                           	global	_TOUTPS0
  1052  0000                     	_TOUTPS0	set	0x93	;byte address: 0x12
  1053                           
  1054                           	global	_TOUTPS1
  1055                           	global	_TOUTPS1
  1056  0000                     	_TOUTPS1	set	0x94	;byte address: 0x12
  1057                           
  1058                           	global	_TOUTPS2
  1059                           	global	_TOUTPS2
  1060  0000                     	_TOUTPS2	set	0x95	;byte address: 0x12
  1061                           
  1062                           	global	_TOUTPS3
  1063                           	global	_TOUTPS3
  1064  0000                     	_TOUTPS3	set	0x96	;byte address: 0x12
  1065                           
  1066                           	global	_TRISA0
  1067                           	global	_TRISA0
  1068  0000                     	_TRISA0	set	0x428	;byte address: 0x85
  1069                           
  1070                           	global	_TRISA1
  1071                           	global	_TRISA1
  1072  0000                     	_TRISA1	set	0x429	;byte address: 0x85
  1073                           
  1074                           	global	_TRISA2
  1075                           	global	_TRISA2
  1076  0000                     	_TRISA2	set	0x42A	;byte address: 0x85
  1077                           
  1078                           	global	_TRISA3
  1079                           	global	_TRISA3
  1080  0000                     	_TRISA3	set	0x42B	;byte address: 0x85
  1081                           
  1082                           	global	_TRISA4
  1083                           	global	_TRISA4
  1084  0000                     	_TRISA4	set	0x42C	;byte address: 0x85
  1085                           
  1086                           	global	_TRISA5
  1087                           	global	_TRISA5
  1088  0000                     	_TRISA5	set	0x42D	;byte address: 0x85
  1089                           
  1090                           	global	_TRISA6
  1091                           	global	_TRISA6
  1092  0000                     	_TRISA6	set	0x42E	;byte address: 0x85
  1093                           
  1094                           	global	_TRISA7
  1095                           	global	_TRISA7
  1096  0000                     	_TRISA7	set	0x42F	;byte address: 0x85
  1097                           
  1098                           	global	_TRISB0
  1099                           	global	_TRISB0
  1100  0000                     	_TRISB0	set	0x430	;byte address: 0x86
  1101                           
  1102                           	global	_TRISB1
  1103                           	global	_TRISB1
  1104  0000                     	_TRISB1	set	0x431	;byte address: 0x86
  1105                           
  1106                           	global	_TRISB2
  1107                           	global	_TRISB2
  1108  0000                     	_TRISB2	set	0x432	;byte address: 0x86
  1109                           
  1110                           	global	_TRISB3
  1111                           	global	_TRISB3
  1112  0000                     	_TRISB3	set	0x433	;byte address: 0x86
  1113                           
  1114                           	global	_TRISB4
  1115                           	global	_TRISB4
  1116  0000                     	_TRISB4	set	0x434	;byte address: 0x86
  1117                           
  1118                           	global	_TRISB5
  1119                           	global	_TRISB5
  1120  0000                     	_TRISB5	set	0x435	;byte address: 0x86
  1121                           
  1122                           	global	_TRISB6
  1123                           	global	_TRISB6
  1124  0000                     	_TRISB6	set	0x436	;byte address: 0x86
  1125                           
  1126                           	global	_TRISB7
  1127                           	global	_TRISB7
  1128  0000                     	_TRISB7	set	0x437	;byte address: 0x86
  1129                           
  1130                           	global	_TRMT
  1131                           	global	_TRMT
  1132  0000                     	_TRMT	set	0x4C1	;byte address: 0x98
  1133                           
  1134                           	global	_TX9
  1135                           	global	_TX9
  1136  0000                     	_TX9	set	0x4C6	;byte address: 0x98
  1137                           
  1138                           	global	_TX9D
  1139                           	global	_TX9D
  1140  0000                     	_TX9D	set	0x4C0	;byte address: 0x98
  1141                           
  1142                           	global	_TXEN
  1143                           	global	_TXEN
  1144  0000                     	_TXEN	set	0x4C5	;byte address: 0x98
  1145                           
  1146                           	global	_TXIE
  1147                           	global	_TXIE
  1148  0000                     	_TXIE	set	0x464	;byte address: 0x8C
  1149                           
  1150                           	global	_TXIF
  1151  0000                     	_TXIF	set	0x64	;byte address: 0xC
  1152                           
  1153                           	global	_VR0
  1154                           	global	_VR0
  1155  0000                     	_VR0	set	0x4F8	;byte address: 0x9F
  1156                           
  1157                           	global	_VR1
  1158                           	global	_VR1
  1159  0000                     	_VR1	set	0x4F9	;byte address: 0x9F
  1160                           
  1161                           	global	_VR2
  1162                           	global	_VR2
  1163  0000                     	_VR2	set	0x4FA	;byte address: 0x9F
  1164                           
  1165                           	global	_VR3
  1166                           	global	_VR3
  1167  0000                     	_VR3	set	0x4FB	;byte address: 0x9F
  1168                           
  1169                           	global	_VREN
  1170                           	global	_VREN
  1171  0000                     	_VREN	set	0x4FF	;byte address: 0x9F
  1172                           
  1173                           	global	_VROE
  1174                           	global	_VROE
  1175  0000                     	_VROE	set	0x4FE	;byte address: 0x9F
  1176                           
  1177                           	global	_VRR
  1178                           	global	_VRR
  1179  0000                     	_VRR	set	0x4FD	;byte address: 0x9F
  1180                           
  1181                           	global	_WR
  1182                           	global	_WR
  1183  0000                     	_WR	set	0x4E1	;byte address: 0x9C
  1184                           
  1185                           	global	_WREN
  1186                           	global	_WREN
  1187  0000                     	_WREN	set	0x4E2	;byte address: 0x9C
  1188                           
  1189                           	global	_WRERR
  1190                           	global	_WRERR
  1191  0000                     	_WRERR	set	0x4E3	;byte address: 0x9C
  1192                           
  1193                           	global	_ZERO
  1194                           	global	_ZERO
  1195  0000                     	_ZERO	set	0x1A	;byte address: 0x3
  1196                           
  1197                           	PSECT	fnautoc,class=COMMON,space=1
  1198                           	FNCONF	fnautoc,??,?
  1199                           
  1200                           	DABS	1,126,2	;btemp
  1201                           	global	btemp
  1202  0000                     	btemp set 07Eh
  1203                           apbank macro
  1204                           	; no bank selection necessary for common memor
                                 y
  1205  0070                     	endm


HI-TECH Software PICC Macro Assembler V9.60PL5 build 3884 
Symbol Table                                          Mon Jan 26 21:37:31 2009

                l1 0096                  l2 0090                  l3 008F  
                l4 0094                  l7 0023                  l9 003B  
        __Lrdata_0 0000          __Lramdata 0000                 l10 0024  
               l12 003B                 _DC 0019                 l18 008C  
               _PD 001B                 _RD 04E0                 _TO 001C  
               _WR 04E1                 fsr 0004                _CM0 00F8  
              _CM1 00F9                _CM2 00FA                _CIS 00FB  
              _GIE 005F                _BOR 0470                _RA0 0028  
              _RA1 0029                _RB0 0030                _RA2 002A  
              _RB1 0031                _RA3 002B                _RB2 0032  
              _RA4 002C                _RB3 0033                _RA5 002D  
              _RB4 0034                _RA6 002E                _RB5 0035  
              _RA7 002F                _RB6 0036                _RB7 0037  
              _FSR 0004                _PCL 0002                _PS0 0408  
              _PR2 0092                _PS1 0409                _RP0 001D  
              _PS2 040A                _IRP 001F                _RP1 001E  
              _PSA 040B                u840 0094                u841 0093  
              u850 002A                u851 0029                _VR0 04F8  
              _VR1 04F9                _VR2 04FA                _VR3 04FB  
              _POR 0471                _RX9 00C6                _TX9 04C6  
              _VRR 04FD               _ADEN 00C3           __tempreg 0070  
             _EEIE 0467               _EEIF 0067           _bitcount 007B  
             _CMIE 0466               _CMIF 0066               _BRGH 04C2  
             _T0IE 005D               _T0IF 005A               _CREN 00C4  
             _T0CS 040D               _FERR 00C2               _T0SE 040C  
             _CSRC 04C7               _INDF 0000            ??_putch 0071  
             _PIE1 008C               _PEIE 005E               _INTE 005C  
             i1l13 005E               _INTF 0059               i1l14 005E  
             _RBIE 005B               i1l15 0052               _RBIF 0058  
             i1l16 0059               i1l17 0059               _RCIE 0465  
             _RCIF 0065               _PCON 008E               _PIR1 000C  
             _OERR 00C1               _RBPU 040F               _OSCF 0473  
             _RX9D 00C0               _TMR0 0001               _TMR2 0011  
             _SPEN 00C7          __databank 0000               _TX9D 04C0  
             _SREN 00C5               _VREN 04FF               _TRMT 04C1  
             _ZERO 001A               _TXIE 0464               _WREN 04E2  
             _TXIF 0064               _TXEN 04C5               _VROE 04FE  
             _SYNC 04C4               _data 007C               _main 001D  
             _init 0069               btemp 007E               start 000E  
interrupt_function 0004         _putch_byte 0071            _CCP1CON 0017  
            _C1INV 00FC              _C2INV 00FD              _C1OUT 00FE  
            _C2OUT 00FF            ?_my_isr 0072              ?_main 0070  
            ?_init 0071              _CCP1X 00BD              _CCP1Y 00BC  
            _EEADR 009B              _CARRY 0018           ??_my_isr 0072  
            _CMCON 001F              _T1CON 0010              _T2CON 0012  
          _T1CKPS0 0084            _T1CKPS1 0085            _T2CKPS0 0090  
          _T2CKPS1 0091              _RCREG 001A              i1u800 0043  
            i1u801 0042              i1u810 0047              i1u820 004D  
            _RCSTA 0018              i1u821 004C              i1u830 0058  
            i1u831 0057              _TMR1H 000F              _TMR1L 000E  
            _SPBRG 0099              _PORTA 0005              _PORTB 0006  
          _T1OSCEN 0083      __end_of_putch 0097              _TRISA 0085  
            _TRISB 0086              _VRCON 009F              _WRERR 04E3  
            _TXREG 0019              _TXSTA 0098              _kbhit 03E8  
        _main_byte 0070              _putch 008D            _TOUTPS0 0093  
          _TOUTPS1 0094            _TOUTPS2 0095            _TOUTPS3 0096  
            pclath 000A           intlevel1 0004              status 0003  
           ??_main 0070             ??_init 0071             _CCP1M0 00B8  
           _CCP1M1 00B9             _CCP1M2 00BA             _CCP1M3 00BB  
           _CCP1IE 0462             _CCP1IF 0062             _EEDATA 009A  
           _CCPR1H 0016             _CCPR1L 0015             _EECON1 009C  
           _EECON2 009D             ?_putch 0071       __end_of_main 003D  
     __end_of_init 008D             _T1SYNC 0082             _INTEDG 040E  
           _PCLATH 000A             _INTCON 000B     __end_of_my_isr 0069  
           _TMR1IE 0460             _TMR1IF 0060             _TMR1CS 0081  
           _TMR2IE 0461             _TMR2IF 0061             _TMR1ON 0080  
           _OPTION 0081             _TMR2ON 0092             _TRISA0 0428  
           _TRISA1 0429             _TRISB0 0430             _TRISA2 042A  
           _TRISB1 0431             _TRISA3 042B             _TRISB2 0432  
           _TRISA4 042C             _TRISB3 0433             _TRISA5 042D  
           _TRISB4 0434             _TRISA6 042E             _TRISB5 0435  
           _TRISA7 042F             _TRISB6 0436             _TRISB7 0437  
           _STATUS 0003             _my_isr 003D             saved_w 007F  
         __Hcommon 007E          __Hrdata_0 0001          __Hramdata 0001  
         __Lcommon 007B  
